--- autogen.txt start ---
# ParsedFile: test/cli/print_to_file/a.rb
requires: []
## defs:
[def id=0]
 type=module
 defines_behavior=0
 is_empty=0
[def id=1]
 type=module
 defines_behavior=0
 is_empty=0
 defining_ref=[A]
[def id=2]
 type=class
 defines_behavior=0
 is_empty=1
 defining_ref=[Foo]
## refs:
[ref id=0]
 scope=[]
 name=[A]
 nesting=[]
 resolved=[A]
 loc=test/cli/print_to_file/a.rb:3
 is_defining_ref=1
[ref id=1]
 scope=[A]
 name=[Foo]
 nesting=[[A]]
 resolved=[A Foo]
 loc=test/cli/print_to_file/a.rb:4
 is_defining_ref=1
# ParsedFile: test/cli/print_to_file/b.rb
requires: []
## defs:
[def id=0]
 type=module
 defines_behavior=0
 is_empty=0
[def id=1]
 type=module
 defines_behavior=0
 is_empty=0
 defining_ref=[B]
[def id=2]
 type=class
 defines_behavior=0
 is_empty=1
 defining_ref=[Bar]
## refs:
[ref id=0]
 scope=[]
 name=[B]
 nesting=[]
 resolved=[B]
 loc=test/cli/print_to_file/b.rb:3
 is_defining_ref=1
[ref id=1]
 scope=[B]
 name=[Bar]
 nesting=[[B]]
 resolved=[B Bar]
 loc=test/cli/print_to_file/b.rb:4
 is_defining_ref=1
--- autogen.txt end ---

9022334ba198d9ea50ee7e05b1c299618f96fbec  autogen.msgpack

--print=cfg specified multiple times with inconsistent output options
